// Jest Snapshot v1, https://goo.gl/fbAQLP

exports[`App component should render app with error 1`] = `
<DocumentFragment>
  <div
    class="MuiBox-root css-0"
  >
    <div
      class="MuiBox-root css-0"
    >
      <header
        class="MuiPaper-root MuiPaper-elevation MuiPaper-elevation4 MuiAppBar-root MuiAppBar-colorPrimary MuiAppBar-positionFixed mui-fixed css-11b3ww9-MuiPaper-root-MuiAppBar-root"
        posotion="fixed"
      >
        <div
          class="MuiToolbar-root MuiToolbar-gutters MuiToolbar-dense css-10ltm04-MuiToolbar-root"
        >
          <h6
            class="MuiTypography-root MuiTypography-h6 css-1qp5wg9-MuiTypography-root"
          >
            Book Store
          </h6>
        </div>
      </header>
    </div>
    <div
      class="MuiBox-root css-1afphko"
    >
      <div
        class="bookContainer MuiBox-root css-0"
      >
        <div
          class="bookFilter MuiBox-root css-0"
        >
          <div
            class="MuiPaper-root MuiPaper-elevation MuiPaper-rounded MuiPaper-elevation1 bookFilterPaper css-1ps6pg7-MuiPaper-root"
          >
            Book filter
          </div>
        </div>
        <div
          class="bookList MuiBox-root css-0"
        >
          <div
            class="MuiBox-root css-19t1w01"
          >
            <span
              class="MuiSkeleton-root MuiSkeleton-react MuiSkeleton-pulse css-58ftfq-MuiSkeleton-root"
              data-testid="book-loader"
              style="width: 80%; height: 200px;"
            />
          </div>
          <div
            class="bookList MuiBox-root css-19t1w01"
          />
        </div>
      </div>
    </div>
  </div>
</DocumentFragment>
`;
